Digite expressões em Python. Pressione Ctrl+D (Linux/Mac) ou Ctrl+Z seguido de Enter (Windows) para encerrar.
Atribuicao
    Variavel: x
    Literal: 42
Resultado da atribuição: 42
Atribuicao
    Variavel: y
    Operacao: +
        Variavel: x
        Literal: 8
Resultado da atribuição: 50
Operacao: *
    Variavel: y
    Literal: 2
Resultado: 100

=== Tabela de Símbolos ===
Nome: x, Tipo: int = 42
Nome: y, Tipo: int = 50
========================

